#-----------------------------------------------------------
# Vivado v2025.1 (64-bit)
# SW Build 6140274 on Thu May 22 00:12:29 MDT 2025
# IP Build 6138677 on Thu May 22 03:10:11 MDT 2025
# SharedData Build 6139179 on Tue May 20 17:58:58 MDT 2025
# Start of session at: Wed Oct 15 19:47:17 2025
# Process ID         : 2576
# Current directory  : D:/VIVALDO/Task1/DAY 1/day1 Logic_gates/day1 Logic_gates.runs/synth_1
# Command line       : vivado.exe -log logic_gates.vds -product Vivado -mode batch -messageDb vivado.pb -notrace -source logic_gates.tcl
# Log file           : D:/VIVALDO/Task1/DAY 1/day1 Logic_gates/day1 Logic_gates.runs/synth_1/logic_gates.vds
# Journal file       : D:/VIVALDO/Task1/DAY 1/day1 Logic_gates/day1 Logic_gates.runs/synth_1\vivado.jou
# Running On         : LAPTOP-3JD2D3IT
# Platform           : Windows Server 2016 or Windows 10
# Operating System   : 22631
# Processor Detail   : 11th Gen Intel(R) Core(TM) i5-11320H @ 3.20GHz
# CPU Frequency      : 3187 MHz
# CPU Physical cores : 4
# CPU Logical cores  : 8
# Host memory        : 8362 MB
# Swap memory        : 5905 MB
# Total Virtual      : 14268 MB
# Available Virtual  : 3733 MB
#-----------------------------------------------------------
source logic_gates.tcl -notrace
